cargo:rerun-if-changed=/private/tmp/verum-T1714-producer-cache-baseline/fixture/crates/verum_vbc/src/intrinsics/mod.rs
cargo:rerun-if-changed=/private/tmp/verum-T1714-producer-cache-baseline/fixture/crates/verum_vbc/src/intrinsics/registry.rs
cargo:rerun-if-changed=/private/tmp/verum-T1714-producer-cache-baseline/fixture/crates/verum_vbc/src/instruction.rs
cargo:rerun-if-changed=/private/tmp/verum-T1714-producer-cache-baseline/fixture/crates/verum_vbc/src/intrinsics/expand.rs
cargo:rerun-if-changed=/private/tmp/verum-T1714-producer-cache-baseline/fixture/crates/verum_vbc/src/intrinsics/codegen.rs
cargo:rerun-if-changed=/private/tmp/verum-T1714-producer-cache-baseline/fixture/crates/verum_vbc/src/intrinsics/lowering.rs
cargo:rerun-if-changed=/private/tmp/verum-T1714-producer-cache-baseline/fixture/crates/verum_vbc/src/array_storage.rs
cargo:rerun-if-changed=/private/tmp/verum-T1714-producer-cache-baseline/fixture/crates/verum_vbc/src/codegen/array_coercions.rs
cargo:rerun-if-changed=/private/tmp/verum-T1714-producer-cache-baseline/fixture/crates/verum_vbc/src/codegen/array_elements.rs
cargo:rerun-if-changed=/private/tmp/verum-T1714-producer-cache-baseline/fixture/crates/verum_vbc/src/codegen/expressions.rs
cargo:rerun-if-changed=/private/tmp/verum-T1714-producer-cache-baseline/fixture/crates/verum_vbc/src/codegen/statements.rs
cargo:rerun-if-changed=/private/tmp/verum-T1714-producer-cache-baseline/fixture/crates/verum_vbc/src/codegen/error.rs
cargo:rerun-if-changed=/private/tmp/verum-T1714-producer-cache-baseline/fixture/crates/verum_common/src/well_known_types.rs
cargo:rerun-if-changed=/private/tmp/verum-T1714-producer-cache-baseline/fixture/crates/verum_vbc/src/codegen/mod.rs
cargo:rerun-if-changed=/private/tmp/verum-T1714-producer-cache-baseline/fixture/crates/verum_vbc/src/codegen/bootstrap_types.rs
cargo:rerun-if-changed=/private/tmp/verum-T1714-producer-cache-baseline/fixture/crates/verum_vbc/src/codegen/parsed_field_types.rs
cargo:rerun-if-changed=/private/tmp/verum-T1714-producer-cache-baseline/fixture/crates/verum_vbc/src/codegen/value_uses.rs
cargo:rerun-if-changed=/private/tmp/verum-T1714-producer-cache-baseline/fixture/crates/verum_vbc/src/codegen/formal_parameters.rs
cargo:rerun-if-changed=/private/tmp/verum-T1714-producer-cache-baseline/fixture/crates/verum_vbc/src/value_use.rs
cargo:rerun-if-changed=/private/tmp/verum-T1714-producer-cache-baseline/fixture/crates/verum_vbc/src/resource_discipline.rs
cargo:rerun-if-changed=/private/tmp/verum-T1714-producer-cache-baseline/fixture/crates/verum_common/src/value_use.rs
cargo:rerun-if-changed=/private/tmp/verum-T1714-producer-cache-baseline/fixture/crates/verum_vbc/src/codegen/associated_types.rs
cargo:rerun-if-changed=/private/tmp/verum-T1714-producer-cache-baseline/fixture/crates/verum_vbc/src/type_layout.rs
cargo:rerun-if-changed=/private/tmp/verum-T1714-producer-cache-baseline/fixture/crates/verum_vbc/src/codegen/context.rs
cargo:rerun-if-changed=/private/tmp/verum-T1714-producer-cache-baseline/fixture/crates/verum_compiler/src/pipeline/refinement_verify.rs
cargo:rerun-if-changed=/private/tmp/verum-T1714-producer-cache-baseline/fixture/crates/verum_compiler/src/precompile.rs
cargo:rerun-if-changed=/private/tmp/verum-T1714-producer-cache-baseline/fixture/crates/verum_compiler/src/archive_metadata.rs
cargo:rerun-if-changed=/private/tmp/verum-T1714-producer-cache-baseline/fixture/crates/verum_compiler/src/pipeline/stdlib_bootstrap.rs
cargo:rerun-if-changed=/private/tmp/verum-T1714-producer-cache-baseline/fixture/crates/verum_compiler/src/core_compiler.rs
cargo:rerun-if-changed=/private/tmp/verum-T1714-producer-cache-baseline/fixture/crates/verum_ast/src/cfg.rs
cargo:rerun-if-changed=/private/tmp/verum-T1714-producer-cache-baseline/fixture/crates/verum_ast/src/checked_const.rs
cargo:rerun-if-changed=/private/tmp/verum-T1714-producer-cache-baseline/fixture/crates/verum_vbc/src/types.rs
cargo:rerun-if-changed=/private/tmp/verum-T1714-producer-cache-baseline/fixture/crates/verum_compiler/src/archive_ctx_loader.rs
cargo:rerun-if-changed=/private/tmp/verum-T1714-producer-cache-baseline/fixture/crates/verum_compiler/src/symbol_graph_baked.rs
cargo:rerun-if-changed=/private/tmp/verum-T1714-producer-cache-baseline/fixture/crates/verum_vbc/src/serialize.rs
cargo:rerun-if-changed=/private/tmp/verum-T1714-producer-cache-baseline/fixture/crates/verum_vbc/src/deserialize.rs
cargo:rerun-if-changed=/private/tmp/verum-T1714-producer-cache-baseline/fixture/crates/verum_vbc/src/module.rs
cargo:rerun-if-changed=/private/tmp/verum-T1714-producer-cache-baseline/fixture/crates/verum_vbc/src/format.rs
cargo:rerun-if-changed=/private/tmp/verum-T1714-producer-cache-baseline/fixture/crates/verum_vbc/src/archive.rs
cargo:rerun-if-changed=/private/tmp/verum-T1714-producer-cache-baseline/fixture/crates/verum_types/src/infer/modules.rs
cargo:rerun-if-changed=/private/tmp/verum-T1714-producer-cache-baseline/fixture/crates/verum_modules/src/lib.rs
cargo:rerun-if-changed=/private/tmp/verum-T1714-producer-cache-baseline/fixture/crates/verum_modules/src/exports.rs
digest=14fa8a2dbd297d8058d2c5963e6fa6a2a97c456d34344b3de05d42ee148f5b19
