entry=core.io alias_id=249 owner=Some("core.io.protocols") target=Some(Instantiated { base: TypeId(14), args: [Generic(TypeParamId(0)), Concrete(TypeId(247))] }) carried=Some("Result<T, StreamError>") head_name=Some("USize") head_owner=Some("core.base.primitives")
entry=core.architecture alias_id=158 owner=Some("core.io.protocols") target=Some(Instantiated { base: TypeId(14), args: [Generic(TypeParamId(0)), Concrete(TypeId(162))] }) carried=Some("Result<T, StreamError>") head_name=Some("USize") head_owner=Some("core.base.primitives")
entry=core.async alias_id=195 owner=Some("core.io.protocols") target=Some(Instantiated { base: TypeId(14), args: [Generic(TypeParamId(0)), Concrete(TypeId(196))] }) carried=Some("Result<T, StreamError>") head_name=Some("USize") head_owner=Some("core.base.primitives")
entry=core.context alias_id=186 owner=Some("core.io.protocols") target=Some(Instantiated { base: TypeId(14), args: [Generic(TypeParamId(0)), Concrete(TypeId(188))] }) carried=Some("Result<T, StreamError>") head_name=Some("USize") head_owner=Some("core.base.primitives")
entry=core.redis alias_id=189 owner=Some("core.io.protocols") target=Some(Instantiated { base: TypeId(14), args: [Generic(TypeParamId(0)), Concrete(TypeId(195))] }) carried=Some("Result<T, StreamError>") head_name=Some("USize") head_owner=Some("core.base.primitives")
entry=core.cli alias_id=156 owner=Some("core.io.protocols") target=Some(Instantiated { base: TypeId(14), args: [Generic(TypeParamId(0)), Concrete(TypeId(157))] }) carried=Some("Result<T, StreamError>") head_name=Some("USize") head_owner=Some("core.base.primitives")
entry=core.security.x509 alias_id=212 owner=Some("core.io.protocols") target=Some(Instantiated { base: TypeId(14), args: [Generic(TypeParamId(0)), Concrete(TypeId(213))] }) carried=Some("Result<T, StreamError>") head_name=Some("USize") head_owner=Some("core.base.primitives")
entry=core.net alias_id=231 owner=Some("core.io.protocols") target=Some(Instantiated { base: TypeId(14), args: [Generic(TypeParamId(0)), Concrete(TypeId(233))] }) carried=Some("Result<T, StreamError>") head_name=Some("USize") head_owner=Some("core.base.primitives")
entry=core.runtime alias_id=225 owner=Some("core.io.protocols") target=Some(Instantiated { base: TypeId(14), args: [Generic(TypeParamId(0)), Concrete(TypeId(226))] }) carried=Some("Result<T, StreamError>") head_name=Some("USize") head_owner=Some("core.base.primitives")
entry=core.security.spiffe alias_id=220 owner=Some("core.io.protocols") target=Some(Instantiated { base: TypeId(14), args: [Generic(TypeParamId(0)), Concrete(TypeId(222))] }) carried=Some("Result<T, StreamError>") head_name=Some("USize") head_owner=Some("core.base.primitives")
entry=core.net.weft alias_id=239 owner=Some("core.io.protocols") target=Some(Instantiated { base: TypeId(14), args: [Generic(TypeParamId(0)), Concrete(TypeId(241))] }) carried=Some("Result<T, StreamError>") head_name=Some("USize") head_owner=Some("core.base.primitives")
entry=core.database.mysql alias_id=438 owner=Some("core.io.protocols") target=Some(Instantiated { base: TypeId(14), args: [Generic(TypeParamId(0)), Concrete(TypeId(440))] }) carried=Some("Result<T, StreamError>") head_name=Some("USize") head_owner=Some("core.base.primitives")
entry=core.database.postgres alias_id=458 owner=Some("core.io.protocols") target=Some(Instantiated { base: TypeId(14), args: [Generic(TypeParamId(0)), Concrete(TypeId(460))] }) carried=Some("Result<T, StreamError>") head_name=Some("USize") head_owner=Some("core.base.primitives")
entry=core.database.postgres.migrations alias_id=377 owner=Some("core.io.protocols") target=Some(Instantiated { base: TypeId(14), args: [Generic(TypeParamId(0)), Concrete(TypeId(379))] }) carried=Some("Result<T, StreamError>") head_name=Some("USize") head_owner=Some("core.base.primitives")
entry=core.net.proxy alias_id=299 owner=Some("core.io.protocols") target=Some(Instantiated { base: TypeId(14), args: [Generic(TypeParamId(0)), Concrete(TypeId(301))] }) carried=Some("Result<T, StreamError>") head_name=Some("USize") head_owner=Some("core.base.primitives")
entry=core.shell alias_id=407 owner=Some("core.io.protocols") target=Some(Instantiated { base: TypeId(14), args: [Generic(TypeParamId(0)), Concrete(TypeId(411))] }) carried=Some("Result<T, StreamError>") head_name=Some("USize") head_owner=Some("core.base.primitives")
entry=core.term.app alias_id=353 owner=Some("core.io.protocols") target=Some(Instantiated { base: TypeId(14), args: [Generic(TypeParamId(0)), Concrete(TypeId(354))] }) carried=Some("Result<T, StreamError>") head_name=Some("USize") head_owner=Some("core.base.primitives")
entry=core.term.event alias_id=267 owner=Some("core.io.protocols") target=Some(Instantiated { base: TypeId(14), args: [Generic(TypeParamId(0)), Concrete(TypeId(268))] }) carried=Some("Result<T, StreamError>") head_name=Some("USize") head_owner=Some("core.base.primitives")
entry=core.term.raw alias_id=264 owner=Some("core.io.protocols") target=Some(Instantiated { base: TypeId(14), args: [Generic(TypeParamId(0)), Concrete(TypeId(266))] }) carried=Some("Result<T, StreamError>") head_name=Some("USize") head_owner=Some("core.base.primitives")
entry=core.term.render alias_id=263 owner=Some("core.io.protocols") target=Some(Instantiated { base: TypeId(14), args: [Generic(TypeParamId(0)), Concrete(TypeId(264))] }) carried=Some("Result<T, StreamError>") head_name=Some("USize") head_owner=Some("core.base.primitives")
entry=core.term.style alias_id=266 owner=Some("core.io.protocols") target=Some(Instantiated { base: TypeId(14), args: [Generic(TypeParamId(0)), Concrete(TypeId(267))] }) carried=Some("Result<T, StreamError>") head_name=Some("USize") head_owner=Some("core.base.primitives")
entry=core.tracing alias_id=351 owner=Some("core.io.protocols") target=Some(Instantiated { base: TypeId(14), args: [Generic(TypeParamId(0)), Concrete(TypeId(352))] }) carried=Some("Result<T, StreamError>") head_name=Some("USize") head_owner=Some("core.base.primitives")
